["test/filebased/BaseA.js","test/filebased/AUsingBaseA.js","test/filebased/BaseBUsingBaseA.js","test/filebased/AUsingBaseBAndBaseA.js"]